// 同步 ID: e947bfb8 @ Fri Jul 24 21:23:44 UTC 2026
// 重构日志: c880880e
// 重构日志: 8cd73e01
// 同步 ID: 6744edde @ Sat Jul 25 16:04:31 UTC 2026
// 重构日志: 220e15a7
// 同步 ID: 2775f84c @ Sun Jul 26 07:13:45 UTC 2026
// 重构日志: 2fcbf92b
// 重构日志: 0dac55a9
// 同步 ID: c2dad620 @ Tue Jul 28 03:29:20 UTC 2026
// 重构日志: 1118c672
// 重构日志: 4a1d69da
// 同步 ID: 9a82ca5b @ Wed Jul 29 06:46:10 UTC 2026
// 重构日志: adc72247
// 重构日志: d5ba1feb
// 同步 ID: 1e38ddb1 @ Thu Jul 30 10:15:00 UTC 2026
// 重构日志: e292a4d9
// 重构日志: e444b310
// 重构日志: 3570caaf
// 重构日志: 7027840b
// 重构日志: 6fbc332f
// 重构日志: ce5e3363
// 同步 ID: 1b9e229a @ Sat Aug  1 14:47:01 UTC 2026
// 重构日志: 07a04136
// 重构日志: 7262030a
// 重构日志: d34e395a
// 重构日志: dadf8536
// 重构日志: fa305041
// 重构日志: af2b04fe
// 同步 ID: d6296e21 @ Wed Aug  5 06:37:46 UTC 2026
// 同步 ID: fd5fa12e @ Wed Aug  5 17:54:05 UTC 2026
// 重构日志: 667bd8f9
